Manchester United are likely to welcome back captain Wayne Rooney from suspension for their visit to Premier League champions Manchester City on Sunday, hoping the striker can add to his record scoring tally in the derby.
Rooney, who missed three matches because of a red card last month and hopes to recover from a minor foot injury picked up in training, tops the all-time goalscoring list for Manchester derbies having netted 11 in 22 games for United.
Van Gaal and some of his new-look team will be experiencing a Manchester derby for the first time but Shaw, a close-season signing from Southampton, is sure the recent arrivals understand the fierce rivalry.
United's indifferent away form has been costly, with the team eighth in the table on 13 points, 10 adrift of Jose Mourinho's Chelsea at the summit.
In scintillating form since the start of the season, Mourinho's men have dropped only four points in their opening nine games, conceding late goals to draw at both City and United, and have a four-point lead at the top of the table.
With the loss to Harry Redknapp's side, Villa extended their run of five straight league defeats without scoring a goal.
A late Mario Balotelli-inspired comeback helped Liverpool book their place in the League Cup quarter-final with a 2-1 home win against Swansea City on Tuesday, and the Italy striker will target a first league goal for the Reds when they visit Newcastle United early on Saturday.
England winger Theo Walcott could make his first appearance for Arsenal after 10 months out with injury to heap more misery on bottom club Burnley, who visit the Emirates Stadium having garnered only four points this season.
